// Jest Snapshot v1, https://jestjs.io/docs/snapshot-testing

exports[`getEnvOptions merges pgpm defaults, graphql defaults, config, env, and overrides 1`] = `
{
  "api": {
    "anonRole": "env_anon",
    "exposedSchemas": [
      "public",
      "app",
    ],
    "isPublic": false,
    "metaSchemas": [
      "env_meta1",
      "env_meta2",
    ],
    "roleName": "env_role",
    "routingSchema": "routing_public",
  },
  "cdn": {
    "awsAccessKey": "minioadmin",
    "awsRegion": "us-east-1",
    "awsSecretKey": "minioadmin",
    "bucketName": "test-bucket",
    "endpoint": "http://localhost:9000",
    "provider": "minio",
    "publicUrlPrefix": "http://localhost:9000",
  },
  "db": {
    "connections": {
      "admin": {
        "password": "admin_password",
        "user": "app_admin",
      },
      "app": {
        "password": "app_password",
        "user": "app_user",
      },
    },
    "cwd": "<CWD>",
    "extensions": [],
    "prefix": "db-",
    "roles": {
      "administrator": "administrator",
      "anonymous": "anonymous",
      "authenticated": "authenticated",
      "default": "anonymous",
    },
    "rootDb": "postgres",
    "useLocksForRoles": false,
  },
  "deployment": {
    "bundled": false,
    "cache": false,
    "fast": false,
    "hashMethod": "content",
    "logOnly": false,
    "usePlan": true,
    "useTx": true,
  },
  "errorOutput": {
    "maxLength": 10000,
    "queryHistoryLimit": 30,
    "verbose": false,
  },
  "extensionsDir": "extensions",
  "features": {
    "oppositeBaseNames": false,
    "postgis": false,
    "simpleInflection": true,
  },
  "graphile": {
    "extends": [],
    "preset": {},
    "schema": [
      "override_schema",
    ],
  },
  "migrations": {
    "codegen": {
      "useTx": false,
    },
  },
  "oauth": {},
  "pg": {
    "database": "config-db",
    "host": "override-host",
    "password": "password",
    "port": 5432,
    "user": "env-user",
  },
  "server": {
    "host": "localhost",
    "port": 5000,
    "strictAuth": false,
    "trustProxy": false,
  },
  "sms": {
    "devsms": {
      "baseUrl": "http://env-devsms:4000",
    },
    "dryRun": true,
    "provider": "devsms",
    "requestTimeoutMs": 9000,
    "senderId": "OverrideSender",
  },
  "smtp": {
    "debug": false,
    "logger": false,
    "pool": false,
    "port": 587,
    "secure": false,
  },
}
`;
